// Vitest Snapshot v1, https://vitest.dev/guide/snapshot.html

exports[`should render demo and match snapshot 1`] = `
<div>
  <div class="demo-button-row">
    <button
      type="button"
      class="van-button van-button--primary van-button--normal van-button--round"
    >
      <div class="van-button__content">
        <span class="van-button__text">
          Primary
        </span>
      </div>
    </button>
    <button
      type="button"
      class="van-button van-button--default van-button--normal van-button--round"
    >
      <div class="van-button__content">
        <span class="van-button__text">
          Default
        </span>
      </div>
    </button>
  </div>
</div>
<div>
  <button
    type="button"
    class="van-button van-button--primary van-button--normal van-button--round van-button--disabled"
    disabled
  >
    <div class="van-button__content">
      <span class="van-button__text">
        Disabled
      </span>
    </div>
  </button>
</div>
<div>
  <button
    type="button"
    class="van-button van-button--primary van-button--normal van-button--round van-button--loading"
  >
    <div class="van-button__content">
      <div
        class="van-loading van-loading--circular van-button__loading"
        aria-live="polite"
        aria-busy="true"
      >
        <span class="van-loading__spinner van-loading__spinner--circular">
          <svg
            class="van-loading__circular"
            viewbox="25 25 50 50"
          >
            <circle
              cx="50"
              cy="50"
              r="20"
              fill="none"
            >
            </circle>
          </svg>
        </span>
      </div>
    </div>
  </button>
  <button
    type="button"
    class="van-button van-button--primary van-button--normal van-button--round van-button--loading"
  >
    <div class="van-button__content">
      <div
        class="van-loading van-loading--spinner van-button__loading"
        aria-live="polite"
        aria-busy="true"
      >
        <span class="van-loading__spinner van-loading__spinner--spinner">
          <i class="van-loading__line van-loading__line--1">
          </i>
          <i class="van-loading__line van-loading__line--2">
          </i>
          <i class="van-loading__line van-loading__line--3">
          </i>
          <i class="van-loading__line van-loading__line--4">
          </i>
          <i class="van-loading__line van-loading__line--5">
          </i>
          <i class="van-loading__line van-loading__line--6">
          </i>
          <i class="van-loading__line van-loading__line--7">
          </i>
          <i class="van-loading__line van-loading__line--8">
          </i>
          <i class="van-loading__line van-loading__line--9">
          </i>
          <i class="van-loading__line van-loading__line--10">
          </i>
          <i class="van-loading__line van-loading__line--11">
          </i>
          <i class="van-loading__line van-loading__line--12">
          </i>
        </span>
      </div>
    </div>
  </button>
  <button
    type="button"
    class="van-button van-button--primary van-button--normal van-button--round van-button--loading"
  >
    <div class="van-button__content">
      <div
        class="van-loading van-loading--circular van-button__loading"
        aria-live="polite"
        aria-busy="true"
      >
        <span class="van-loading__spinner van-loading__spinner--circular">
          <svg
            class="van-loading__circular"
            viewbox="25 25 50 50"
          >
            <circle
              cx="50"
              cy="50"
              r="20"
              fill="none"
            >
            </circle>
          </svg>
        </span>
      </div>
      <span class="van-button__text">
        Loading...
      </span>
    </div>
  </button>
</div>
<div>
  <button
    type="button"
    class="van-button van-button--primary van-button--normal van-button--square"
  >
    <div class="van-button__content">
      <span class="van-button__text">
        Square
      </span>
    </div>
  </button>
  <button
    type="button"
    class="van-button van-button--primary van-button--normal van-button--round"
  >
    <div class="van-button__content">
      <span class="van-button__text">
        Round
      </span>
    </div>
  </button>
</div>
<div>
  <button
    type="button"
    class="van-button van-button--primary van-button--normal"
  >
    <div class="van-button__content">
      <i class="van-badge__wrapper van-icon van-icon-plus van-button__icon">
      </i>
    </div>
  </button>
  <button
    type="button"
    class="van-button van-button--primary van-button--normal"
  >
    <div class="van-button__content">
      <i class="van-badge__wrapper van-icon van-icon-plus van-button__icon">
      </i>
      <span class="van-button__text">
        Button
      </span>
    </div>
  </button>
</div>
<div>
  <button
    type="button"
    class="van-button van-button--primary van-button--normal van-button--round"
  >
    <div class="van-button__content">
      <span class="van-button__text">
        <div class="van-swipe notice-swipe">
          <div
            style="transition-duration: 0ms; transform: translateY(0px); height: 200px;"
            class="van-swipe__track van-swipe__track--vertical"
          >
            <div
              class="van-swipe-item"
              style="height: 100px;"
            >
              Do Task
            </div>
            <div
              class="van-swipe-item"
              style="height: 100px;"
            >
              Lottery
            </div>
          </div>
        </div>
      </span>
    </div>
  </button>
</div>
`;
